// Jest Snapshot v1, https://goo.gl/fbAQLP

exports[`Tuxedo_AntdExtensions - Carousel - Rendering Renders correctly 1`] = `
.c1 {
  padding-bottom: 16px;
}

.c0 {
  -webkit-flex-direction: row;
  -ms-flex-direction: row;
  flex-direction: row;
  display: -webkit-box;
  display: -webkit-flex;
  display: -ms-flexbox;
  display: flex;
}

.c2 .slick-track {
  margin-left: 0;
  margin-right: 0;
}

.c2 .slick-prev {
  left: -20px;
}

.c2 .slick-next {
  right: -20px;
}

.c2 .slick-prev,
.c2 .slick-next {
  display: -webkit-box !important;
  display: -webkit-flex !important;
  display: -ms-flexbox !important;
  display: flex !important;
  -webkit-box-pack: center;
  -webkit-justify-content: center;
  -ms-flex-pack: center;
  justify-content: center;
  -webkit-align-items: center;
  -webkit-box-align: center;
  -ms-flex-align: center;
  align-items: center;
  margin: 0;
  color: #0F213F;
}

.c2 .slick-prev.slick-disabled,
.c2 .slick-next.slick-disabled {
  color: #858E9D;
  cursor: not-allowed;
}

.c2 .slick-prev:before,
.c2 .slick-next:before {
  content: '';
}

.c2 .slick-prev:hover,
.c2 .slick-next:hover,
.c2 .slick-prev:focus,
.c2 .slick-next:focus {
  color: #0F213F;
}

.c2 .slick-prev:hover.slick-disabled,
.c2 .slick-next:hover.slick-disabled,
.c2 .slick-prev:focus.slick-disabled,
.c2 .slick-next:focus.slick-disabled {
  color: #858E9D;
}

.c2 .slick-dots {
  bottom: -16px;
}

.c2 .slick-dots li {
  margin: 0 5px;
}

.c2 .slick-dots li button {
  background-color: #E0E2E6;
  opacity: 1;
}

.c2 .slick-dots li button:before {
  content: '';
}

.c2 .slick-dots li.slick-active button {
  background-color: #0071EC;
  opacity: 1;
  width: 16px;
}

<div
  className="c0 c1 sc-bdVaJa c1"
>
  <div
    className="ant-carousel"
  >
    <div
      className="slick-slider c2 slick-initialized"
      dir="ltr"
    >
      <div
        className="slick-list"
        onClick={[Function]}
        onKeyDown={[Function]}
        onMouseDown={[Function]}
        onMouseLeave={null}
        onMouseMove={null}
        onMouseUp={[Function]}
        onTouchCancel={null}
        onTouchEnd={[Function]}
        onTouchMove={null}
        onTouchStart={[Function]}
        style={Object {}}
      >
        <div
          className="slick-track"
          onMouseEnter={[Function]}
          onMouseLeave={[Function]}
          onMouseOver={[Function]}
          style={
            Object {
              "WebkitTransform": "translate3d(0px, 0px, 0px)",
              "WebkitTransition": "",
              "msTransform": "translateX(0px)",
              "opacity": 1,
              "transform": "translate3d(0px, 0px, 0px)",
              "transition": "",
            }
          }
        >
          <div
            aria-hidden={true}
            className="slick-slide slick-cloned"
            data-index={-1}
            onClick={[Function]}
            style={
              Object {
                "width": 0,
              }
            }
            tabIndex="-1"
          >
            <div>
              <div
                style={
                  Object {
                    "display": "inline-block",
                    "width": "100%",
                  }
                }
                tabIndex={-1}
              >
                <h3>
                  4
                </h3>
              </div>
            </div>
          </div>
          <div
            aria-hidden={false}
            className="slick-slide slick-active slick-current"
            data-index={0}
            onClick={[Function]}
            style={
              Object {
                "outline": "none",
                "width": 0,
              }
            }
            tabIndex="-1"
          >
            <div>
              <div
                style={
                  Object {
                    "display": "inline-block",
                    "width": "100%",
                  }
                }
                tabIndex={-1}
              >
                <h3>
                  1
                </h3>
              </div>
            </div>
          </div>
          <div
            aria-hidden={true}
            className="slick-slide"
            data-index={1}
            onClick={[Function]}
            style={
              Object {
                "outline": "none",
                "width": 0,
              }
            }
            tabIndex="-1"
          >
            <div>
              <div
                style={
                  Object {
                    "display": "inline-block",
                    "width": "100%",
                  }
                }
                tabIndex={-1}
              >
                <h3>
                  2
                </h3>
              </div>
            </div>
          </div>
          <div
            aria-hidden={true}
            className="slick-slide"
            data-index={2}
            onClick={[Function]}
            style={
              Object {
                "outline": "none",
                "width": 0,
              }
            }
            tabIndex="-1"
          >
            <div>
              <div
                style={
                  Object {
                    "display": "inline-block",
                    "width": "100%",
                  }
                }
                tabIndex={-1}
              >
                <h3>
                  3
                </h3>
              </div>
            </div>
          </div>
          <div
            aria-hidden={true}
            className="slick-slide"
            data-index={3}
            onClick={[Function]}
            style={
              Object {
                "outline": "none",
                "width": 0,
              }
            }
            tabIndex="-1"
          >
            <div>
              <div
                style={
                  Object {
                    "display": "inline-block",
                    "width": "100%",
                  }
                }
                tabIndex={-1}
              >
                <h3>
                  4
                </h3>
              </div>
            </div>
          </div>
          <div
            aria-hidden={true}
            className="slick-slide slick-cloned"
            data-index={4}
            onClick={[Function]}
            style={
              Object {
                "width": 0,
              }
            }
            tabIndex="-1"
          >
            <div>
              <div
                style={
                  Object {
                    "display": "inline-block",
                    "width": "100%",
                  }
                }
                tabIndex={-1}
              >
                <h3>
                  1
                </h3>
              </div>
            </div>
          </div>
          <div
            aria-hidden={true}
            className="slick-slide slick-cloned"
            data-index={5}
            onClick={[Function]}
            style={
              Object {
                "width": 0,
              }
            }
            tabIndex="-1"
          >
            <div>
              <div
                style={
                  Object {
                    "display": "inline-block",
                    "width": "100%",
                  }
                }
                tabIndex={-1}
              >
                <h3>
                  2
                </h3>
              </div>
            </div>
          </div>
          <div
            aria-hidden={true}
            className="slick-slide slick-cloned"
            data-index={6}
            onClick={[Function]}
            style={
              Object {
                "width": 0,
              }
            }
            tabIndex="-1"
          >
            <div>
              <div
                style={
                  Object {
                    "display": "inline-block",
                    "width": "100%",
                  }
                }
                tabIndex={-1}
              >
                <h3>
                  3
                </h3>
              </div>
            </div>
          </div>
          <div
            aria-hidden={true}
            className="slick-slide slick-cloned"
            data-index={7}
            onClick={[Function]}
            style={
              Object {
                "width": 0,
              }
            }
            tabIndex="-1"
          >
            <div>
              <div
                style={
                  Object {
                    "display": "inline-block",
                    "width": "100%",
                  }
                }
                tabIndex={-1}
              >
                <h3>
                  4
                </h3>
              </div>
            </div>
          </div>
        </div>
      </div>
      <ul
        className="slick-dots"
        onMouseEnter={null}
        onMouseLeave={null}
        onMouseOver={null}
        style={
          Object {
            "display": "block",
          }
        }
      >
        <li
          className="slick-active"
        >
          <button
            onClick={[Function]}
          >
            1
          </button>
        </li>
        <li
          className=""
        >
          <button
            onClick={[Function]}
          >
            2
          </button>
        </li>
        <li
          className=""
        >
          <button
            onClick={[Function]}
          >
            3
          </button>
        </li>
        <li
          className=""
        >
          <button
            onClick={[Function]}
          >
            4
          </button>
        </li>
      </ul>
    </div>
  </div>
</div>
`;
